// Jest Snapshot v1, https://goo.gl/fbAQLP

exports[`Feed snapShot 1`] = `
<View
  style={
    Object {
      "backgroundColor": "#8bd4da",
      "flex": 1,
    }
  }
>
  <RCTScrollView
    refreshControl={
      <RefreshControlMock
        onRefresh={[Function]}
        refreshing={false}
      />
    }
    style={
      Object {
        "flexDirection": "row",
      }
    }
  >
    <RCTRefreshControl />
    <View>
      <RCTScrollView
        data={undefined}
        disableVirtualization={false}
        getItem={[Function]}
        getItemCount={[Function]}
        horizontal={false}
        initialNumToRender={10}
        invertStickyHeaders={undefined}
        keyExtractor={[Function]}
        maxToRenderPerBatch={10}
        numColumns={1}
        onContentSizeChange={[Function]}
        onEndReachedThreshold={2}
        onLayout={[Function]}
        onMomentumScrollEnd={[Function]}
        onScroll={[Function]}
        onScrollBeginDrag={[Function]}
        onScrollEndDrag={[Function]}
        renderItem={[Function]}
        scrollEventThrottle={50}
        stickyHeaderIndices={Array []}
        style={
          Object {
            "backgroundColor": "#8bd4da",
          }
        }
        updateCellsBatchingPeriod={50}
        viewabilityConfigCallbackPairs={Array []}
        windowSize={21}
      >
        <View />
      </RCTScrollView>
    </View>
  </RCTScrollView>
</View>
`;
