// Jest Snapshot v1, https://goo.gl/fbAQLP

exports[`SignUpScreen snapShot 1`] = `
<View
  style={
    Object {
      "height": "100%",
      "width": "100%",
    }
  }
>
  <Image
    source={1}
    style={
      Array [
        Object {
          "bottom": 0,
          "left": 0,
          "position": "absolute",
          "right": 0,
          "top": 0,
        },
        Object {
          "height": "100%",
          "width": "100%",
        },
        undefined,
      ]
    }
  />
  <View
    enabled={true}
    keyboardVerticalOffset={0}
    onLayout={[Function]}
    style={undefined}
  >
    <View
      style={
        Array [
          undefined,
          Object {
            "bottom": 0,
          },
        ]
      }
    >
      <RCTScrollView>
        <View>
          <View
            style={
              Object {
                "flex": 1,
                "padding": 16,
              }
            }
          >
            <View
              style={
                Object {
                  "alignItems": "center",
                  "margin": 30,
                  "paddingRight": 4,
                  "paddingTop": 4,
                }
              }
            >
              <Image
                source={1}
                style={
                  Object {
                    "height": 100,
                    "width": 100,
                  }
                }
              />
            </View>
            <View
              style={
                Object {
                  "marginBottom": 12,
                  "marginTop": 70,
                }
              }
            >
              <View
                onResponderRelease={[Function]}
                onStartShouldSetResponder={[Function]}
                pointerEvents="auto"
                style={undefined}
              >
                <View
                  collapsable={undefined}
                  style={
                    Object {
                      "backgroundColor": "transparent",
                      "borderBottomColor": "rgba(0, 0, 0, 0.38)",
                      "borderBottomWidth": 0.5,
                      "height": 64,
                      "paddingBottom": 8,
                      "paddingTop": 32,
                    }
                  }
                >
                  <View
                    collapsable={undefined}
                    style={
                      Object {
                        "position": "absolute",
                        "top": 36,
                      }
                    }
                  >
                    <Text
                      accessible={true}
                      allowFontScaling={true}
                      collapsable={undefined}
                      ellipsizeMode="tail"
                      numberOfLines={1}
                      style={
                        Object {
                          "color": "rgba(0, 0, 0, 0.38)",
                          "fontSize": 16,
                        }
                      }
                    >
                      Endereço de email
                    </Text>
                  </View>
                  <View
                    style={
                      Object {
                        "flexDirection": "row",
                      }
                    }
                  >
                    <TextInput
                      allowFontScaling={true}
                      autoCapitalize="none"
                      autoCorrect={false}
                      disableFullscreenUI={true}
                      editable={true}
                      enablesReturnKeyAutomatically={true}
                      error={undefined}
                      keyboardType="email-address"
                      onBlur={[Function]}
                      onChange={[Function]}
                      onChangeText={[Function]}
                      onContentSizeChange={[Function]}
                      onFocus={[Function]}
                      onSubmitEditing={[Function]}
                      returnKeyType="next"
                      selectionColor="white"
                      style={
                        Array [
                          Object {
                            "flex": 1,
                            "margin": 0,
                            "padding": 0,
                            "top": 2,
                          },
                          Object {
                            "color": "white",
                            "fontSize": 16,
                            "height": 24,
                            "textAlign": "left",
                          },
                          undefined,
                        ]
                      }
                      underlineColorAndroid="transparent"
                      value=""
                    />
                  </View>
                </View>
                <View
                  collapsable={undefined}
                  style={
                    Object {
                      "flexDirection": "row",
                      "height": 8,
                    }
                  }
                >
                  <View
                    style={
                      Object {
                        "flex": 1,
                      }
                    }
                  >
                    <View
                      style={
                        Object {
                          "alignItems": "flex-start",
                          "bottom": 0,
                          "left": 0,
                          "paddingVertical": 4,
                          "position": "absolute",
                          "right": 0,
                          "top": 0,
                        }
                      }
                    >
                      <Text
                        accessible={true}
                        allowFontScaling={true}
                        collapsable={undefined}
                        ellipsizeMode="tail"
                        numberOfLines={1}
                        style={
                          Object {
                            "backgroundColor": "transparent",
                            "color": "rgb(213, 0, 0)",
                            "fontSize": 0,
                            "opacity": 0,
                          }
                        }
                      />
                    </View>
                    <View
                      style={
                        Object {
                          "alignItems": "flex-start",
                          "bottom": 0,
                          "left": 0,
                          "paddingVertical": 4,
                          "position": "absolute",
                          "right": 0,
                          "top": 0,
                        }
                      }
                    >
                      <Text
                        accessible={true}
                        allowFontScaling={true}
                        collapsable={undefined}
                        ellipsizeMode="tail"
                        numberOfLines={1}
                        style={
                          Object {
                            "backgroundColor": "transparent",
                            "color": "rgba(0, 0, 0, .38)",
                            "fontSize": 12,
                            "opacity": 1,
                          }
                        }
                      />
                    </View>
                  </View>
                </View>
              </View>
              <View
                onResponderRelease={[Function]}
                onStartShouldSetResponder={[Function]}
                pointerEvents="auto"
                style={undefined}
              >
                <View
                  collapsable={undefined}
                  style={
                    Object {
                      "backgroundColor": "transparent",
                      "borderBottomColor": "rgba(0, 0, 0, 0.38)",
                      "borderBottomWidth": 0.5,
                      "height": 64,
                      "paddingBottom": 8,
                      "paddingTop": 32,
                    }
                  }
                >
                  <View
                    collapsable={undefined}
                    style={
                      Object {
                        "position": "absolute",
                        "top": 36,
                      }
                    }
                  >
                    <Text
                      accessible={true}
                      allowFontScaling={true}
                      collapsable={undefined}
                      ellipsizeMode="tail"
                      numberOfLines={1}
                      style={
                        Object {
                          "color": "rgba(0, 0, 0, 0.38)",
                          "fontSize": 16,
                        }
                      }
                    >
                      Nome de usuário
                    </Text>
                  </View>
                  <View
                    style={
                      Object {
                        "flexDirection": "row",
                      }
                    }
                  >
                    <TextInput
                      allowFontScaling={true}
                      autoCapitalize="sentences"
                      autoCorrect={false}
                      disableFullscreenUI={true}
                      editable={true}
                      enablesReturnKeyAutomatically={true}
                      error={undefined}
                      onBlur={[Function]}
                      onChange={[Function]}
                      onChangeText={[Function]}
                      onContentSizeChange={[Function]}
                      onFocus={[Function]}
                      onSubmitEditing={[Function]}
                      returnKeyType="next"
                      selectionColor="white"
                      style={
                        Array [
                          Object {
                            "flex": 1,
                            "margin": 0,
                            "padding": 0,
                            "top": 2,
                          },
                          Object {
                            "color": "white",
                            "fontSize": 16,
                            "height": 24,
                            "textAlign": "left",
                          },
                          undefined,
                        ]
                      }
                      underlineColorAndroid="transparent"
                      value=""
                    />
                  </View>
                </View>
                <View
                  collapsable={undefined}
                  style={
                    Object {
                      "flexDirection": "row",
                      "height": 8,
                    }
                  }
                >
                  <View
                    style={
                      Object {
                        "flex": 1,
                      }
                    }
                  >
                    <View
                      style={
                        Object {
                          "alignItems": "flex-start",
                          "bottom": 0,
                          "left": 0,
                          "paddingVertical": 4,
                          "position": "absolute",
                          "right": 0,
                          "top": 0,
                        }
                      }
                    >
                      <Text
                        accessible={true}
                        allowFontScaling={true}
                        collapsable={undefined}
                        ellipsizeMode="tail"
                        numberOfLines={1}
                        style={
                          Object {
                            "backgroundColor": "transparent",
                            "color": "rgb(213, 0, 0)",
                            "fontSize": 0,
                            "opacity": 0,
                          }
                        }
                      />
                    </View>
                    <View
                      style={
                        Object {
                          "alignItems": "flex-start",
                          "bottom": 0,
                          "left": 0,
                          "paddingVertical": 4,
                          "position": "absolute",
                          "right": 0,
                          "top": 0,
                        }
                      }
                    >
                      <Text
                        accessible={true}
                        allowFontScaling={true}
                        collapsable={undefined}
                        ellipsizeMode="tail"
                        numberOfLines={1}
                        style={
                          Object {
                            "backgroundColor": "transparent",
                            "color": "rgba(0, 0, 0, .38)",
                            "fontSize": 12,
                            "opacity": 1,
                          }
                        }
                      />
                    </View>
                  </View>
                </View>
              </View>
              <View
                onResponderRelease={[Function]}
                onStartShouldSetResponder={[Function]}
                pointerEvents="auto"
                style={undefined}
              >
                <View
                  collapsable={undefined}
                  style={
                    Object {
                      "backgroundColor": "transparent",
                      "borderBottomColor": "rgba(0, 0, 0, 0.38)",
                      "borderBottomWidth": 0.5,
                      "height": 64,
                      "paddingBottom": 8,
                      "paddingTop": 32,
                    }
                  }
                >
                  <View
                    collapsable={undefined}
                    style={
                      Object {
                        "position": "absolute",
                        "top": 36,
                      }
                    }
                  >
                    <Text
                      accessible={true}
                      allowFontScaling={true}
                      collapsable={undefined}
                      ellipsizeMode="tail"
                      numberOfLines={1}
                      style={
                        Object {
                          "color": "rgba(0, 0, 0, 0.38)",
                          "fontSize": 16,
                        }
                      }
                    >
                      Senha
                    </Text>
                  </View>
                  <View
                    style={
                      Object {
                        "flexDirection": "row",
                      }
                    }
                  >
                    <TextInput
                      allowFontScaling={true}
                      autoCapitalize="none"
                      autoCorrect={false}
                      disableFullscreenUI={true}
                      editable={true}
                      enablesReturnKeyAutomatically={true}
                      error={undefined}
                      maxLength={20}
                      onBlur={[Function]}
                      onChange={[Function]}
                      onChangeText={[Function]}
                      onContentSizeChange={[Function]}
                      onFocus={[Function]}
                      onSubmitEditing={[Function]}
                      renderAccessory={[Function]}
                      returnKeyType="done"
                      secureTextEntry={true}
                      selectionColor="white"
                      style={
                        Array [
                          Object {
                            "flex": 1,
                            "margin": 0,
                            "padding": 0,
                            "top": 2,
                          },
                          Object {
                            "color": "white",
                            "fontSize": 16,
                            "height": 24,
                            "textAlign": "left",
                          },
                          undefined,
                        ]
                      }
                      underlineColorAndroid="transparent"
                      value=""
                    />
                    <View
                      style={
                        Object {
                          "alignSelf": "flex-start",
                          "justifyContent": "center",
                          "top": 2,
                        }
                      }
                    >
                      <Text
                        accessible={true}
                        allowFontScaling={true}
                        ellipsizeMode="tail"
                      />
                    </View>
                  </View>
                </View>
                <View
                  collapsable={undefined}
                  style={
                    Object {
                      "flexDirection": "row",
                      "height": 24,
                    }
                  }
                >
                  <View
                    style={
                      Object {
                        "flex": 1,
                      }
                    }
                  >
                    <View
                      style={
                        Object {
                          "alignItems": "flex-start",
                          "bottom": 0,
                          "left": 0,
                          "paddingVertical": 4,
                          "position": "absolute",
                          "right": 0,
                          "top": 0,
                        }
                      }
                    >
                      <Text
                        accessible={true}
                        allowFontScaling={true}
                        collapsable={undefined}
                        ellipsizeMode="tail"
                        numberOfLines={1}
                        style={
                          Object {
                            "backgroundColor": "transparent",
                            "color": "rgb(213, 0, 0)",
                            "fontSize": 0,
                            "opacity": 0,
                          }
                        }
                      />
                    </View>
                    <View
                      style={
                        Object {
                          "alignItems": "flex-start",
                          "bottom": 0,
                          "left": 0,
                          "paddingVertical": 4,
                          "position": "absolute",
                          "right": 0,
                          "top": 0,
                        }
                      }
                    >
                      <Text
                        accessible={true}
                        allowFontScaling={true}
                        collapsable={undefined}
                        ellipsizeMode="tail"
                        numberOfLines={1}
                        style={
                          Object {
                            "backgroundColor": "transparent",
                            "color": "rgba(0, 0, 0, .38)",
                            "fontSize": 12,
                            "opacity": 1,
                          }
                        }
                      />
                    </View>
                  </View>
                  <View
                    style={
                      Object {
                        "paddingLeft": 4,
                        "paddingVertical": 4,
                      }
                    }
                  >
                    <Text
                      accessible={true}
                      allowFontScaling={true}
                      ellipsizeMode="tail"
                      style={
                        Array [
                          Object {
                            "backgroundColor": "transparent",
                            "textAlign": "right",
                          },
                          undefined,
                          Object {
                            "color": "rgba(0, 0, 0, .38)",
                            "fontSize": 12,
                          },
                        ]
                      }
                    >
                      0
                       / 
                      15
                    </Text>
                  </View>
                </View>
              </View>
              <View
                style={
                  Object {
                    "bottom": 10,
                    "flexDirection": "row",
                    "justifyContent": "center",
                    "marginTop": 8,
                  }
                }
              >
                <View
                  accessibilityComponentType={undefined}
                  accessibilityLabel={undefined}
                  accessibilityTraits={undefined}
                  accessible={true}
                  collapsable={undefined}
                  hasTVPreferredFocus={undefined}
                  hitSlop={undefined}
                  isTVSelectable={true}
                  nativeID={undefined}
                  onLayout={undefined}
                  onResponderGrant={[Function]}
                  onResponderMove={[Function]}
                  onResponderRelease={[Function]}
                  onResponderTerminate={[Function]}
                  onResponderTerminationRequest={[Function]}
                  onStartShouldSetResponder={[Function]}
                  style={
                    Object {
                      "opacity": 1,
                    }
                  }
                  testID={undefined}
                  tvParallaxProperties={undefined}
                >
                  <Text
                    accessible={true}
                    allowFontScaling={true}
                    ellipsizeMode="tail"
                  />
                </View>
              </View>
              <View
                style={
                  Object {
                    "alignItems": "center",
                    "marginTop": 6,
                  }
                }
              >
                <View
                  accessibilityComponentType={undefined}
                  accessibilityLabel={undefined}
                  accessibilityTraits={undefined}
                  accessible={true}
                  collapsable={undefined}
                  hasTVPreferredFocus={undefined}
                  hitSlop={undefined}
                  isTVSelectable={true}
                  nativeID={undefined}
                  onLayout={undefined}
                  onResponderGrant={[Function]}
                  onResponderMove={[Function]}
                  onResponderRelease={[Function]}
                  onResponderTerminate={[Function]}
                  onResponderTerminationRequest={[Function]}
                  onStartShouldSetResponder={[Function]}
                  style={
                    Object {
                      "alignItems": "center",
                      "backgroundColor": "#26C6DA",
                      "borderRadius": 15,
                      "height": 40,
                      "justifyContent": "center",
                      "opacity": 1,
                      "width": 325,
                    }
                  }
                  testID={undefined}
                  tvParallaxProperties={undefined}
                >
                  <Text
                    accessible={true}
                    allowFontScaling={true}
                    ellipsizeMode="tail"
                    style={
                      Object {
                        "color": "white",
                      }
                    }
                  >
                    Cadastrar
                  </Text>
                </View>
                <RCTScrollView
                  data={
                    Array [
                      "",
                    ]
                  }
                  disableVirtualization={false}
                  getItem={[Function]}
                  getItemCount={[Function]}
                  horizontal={false}
                  initialNumToRender={10}
                  invertStickyHeaders={undefined}
                  keyExtractor={[Function]}
                  maxToRenderPerBatch={10}
                  numColumns={1}
                  onContentSizeChange={[Function]}
                  onEndReachedThreshold={2}
                  onLayout={[Function]}
                  onMomentumScrollEnd={[Function]}
                  onScroll={[Function]}
                  onScrollBeginDrag={[Function]}
                  onScrollEndDrag={[Function]}
                  renderItem={[Function]}
                  scrollEventThrottle={50}
                  stickyHeaderIndices={Array []}
                  updateCellsBatchingPeriod={50}
                  viewabilityConfigCallbackPairs={Array []}
                  windowSize={21}
                >
                  <View>
                    <View
                      onLayout={[Function]}
                      style={null}
                    >
                      <Text
                        accessible={true}
                        allowFontScaling={true}
                        ellipsizeMode="tail"
                        style={
                          Object {
                            "color": "red",
                          }
                        }
                      >
                        
                      </Text>
                    </View>
                  </View>
                </RCTScrollView>
              </View>
            </View>
          </View>
        </View>
      </RCTScrollView>
    </View>
  </View>
</View>
`;
