// Jest Snapshot v1, https://goo.gl/fbAQLP

exports[`renders correctly 1`] = `
<View
  loaded={
    Array [
      0,
    ]
  }
  onLayout={[Function]}
  style={
    Array [
      Object {
        "flex": 1,
        "overflow": "hidden",
      },
      Object {
        "flex": 1,
      },
    ]
  }
>
  <View
    collapsable={undefined}
    onMoveShouldSetResponder={[Function]}
    onMoveShouldSetResponderCapture={[Function]}
    onResponderEnd={[Function]}
    onResponderGrant={[Function]}
    onResponderMove={[Function]}
    onResponderReject={[Function]}
    onResponderRelease={[Function]}
    onResponderStart={[Function]}
    onResponderTerminate={[Function]}
    onResponderTerminationRequest={[Function]}
    onStartShouldSetResponder={[Function]}
    onStartShouldSetResponderCapture={[Function]}
    style={
      Object {
        "alignItems": "stretch",
        "flex": 1,
        "flexDirection": "row",
      }
    }
  >
    <View
      style={
        Object {
          "bottom": 0,
          "left": 0,
          "position": "absolute",
          "right": 0,
          "top": 0,
        }
      }
      testID={undefined}
    >
      <View
        style={
          Object {
            "flex": 1,
            "overflow": "hidden",
          }
        }
      >
        <View
          style={
            Object {
              "backgroundColor": "#00ACC1",
              "flex": 1,
            }
          }
        >
          <RCTScrollView>
            <View>
              <View
                style={
                  Object {
                    "paddingTop": "180%",
                  }
                }
              >
                <View
                  style={
                    Array [
                      Object {
                        "bottom": 0,
                        "left": 0,
                        "position": "absolute",
                        "right": 0,
                        "top": 0,
                      },
                      Object {
                        "alignItems": "center",
                        "backgroundColor": "rgba(0,0,0,0)",
                        "justifyContent": "center",
                      },
                    ]
                  }
                >
                  <ActivityIndicator
                    animating={true}
                    color="white"
                    hidesWhenStopped={true}
                    size={60}
                  />
                </View>
              </View>
            </View>
          </RCTScrollView>
        </View>
      </View>
    </View>
    <View
      style={null}
      testID={undefined}
    />
    <View
      style={null}
      testID={undefined}
    />
    <View
      style={null}
      testID={undefined}
    />
  </View>
  <View
    collapsable={false}
  >
    <View
      collapsable={undefined}
      style={
        Object {
          "backgroundColor": "white",
          "borderTopColor": "rgba(0, 0, 0, .2)",
          "borderTopWidth": 0.5,
          "flexDirection": "row",
          "height": 49,
        }
      }
    >
      <View
        accessibilityComponentType={undefined}
        accessibilityLabel={undefined}
        accessibilityTraits={undefined}
        accessible={true}
        collapsable={undefined}
        hitSlop={undefined}
        nativeID={undefined}
        onLayout={undefined}
        onResponderGrant={[Function]}
        onResponderMove={[Function]}
        onResponderRelease={[Function]}
        onResponderTerminate={[Function]}
        onResponderTerminationRequest={[Function]}
        onStartShouldSetResponder={[Function]}
        style={
          Object {
            "alignItems": "stretch",
            "backgroundColor": "rgba(0, 0, 0, 0)",
            "flex": 1,
            "justifyContent": "flex-end",
          }
        }
        testID={undefined}
      >
        <View
          style={
            Object {
              "flexGrow": 1,
            }
          }
        >
          <View
            collapsable={undefined}
            style={
              Object {
                "alignItems": "center",
                "bottom": 0,
                "justifyContent": "center",
                "left": 0,
                "opacity": 1,
                "position": "absolute",
                "right": 0,
                "top": 0,
              }
            }
          >
            <Text
              accessible={true}
              allowFontScaling={true}
              ellipsizeMode="tail"
            />
          </View>
          <View
            collapsable={undefined}
            style={
              Object {
                "alignItems": "center",
                "bottom": 0,
                "justifyContent": "center",
                "left": 0,
                "opacity": 0,
                "position": "absolute",
                "right": 0,
                "top": 0,
              }
            }
          >
            <Text
              accessible={true}
              allowFontScaling={true}
              ellipsizeMode="tail"
            />
          </View>
        </View>
      </View>
      <View
        accessibilityComponentType={undefined}
        accessibilityLabel={undefined}
        accessibilityTraits={undefined}
        accessible={true}
        collapsable={undefined}
        hitSlop={undefined}
        nativeID={undefined}
        onLayout={undefined}
        onResponderGrant={[Function]}
        onResponderMove={[Function]}
        onResponderRelease={[Function]}
        onResponderTerminate={[Function]}
        onResponderTerminationRequest={[Function]}
        onStartShouldSetResponder={[Function]}
        style={
          Object {
            "alignItems": "stretch",
            "backgroundColor": "rgba(0, 0, 0, 0)",
            "flex": 1,
            "justifyContent": "flex-end",
          }
        }
        testID={undefined}
      >
        <View
          style={
            Object {
              "flexGrow": 1,
            }
          }
        >
          <View
            collapsable={undefined}
            style={
              Object {
                "alignItems": "center",
                "bottom": 0,
                "justifyContent": "center",
                "left": 0,
                "opacity": 0,
                "position": "absolute",
                "right": 0,
                "top": 0,
              }
            }
          >
            <Text
              accessible={true}
              allowFontScaling={true}
              ellipsizeMode="tail"
            />
          </View>
          <View
            collapsable={undefined}
            style={
              Object {
                "alignItems": "center",
                "bottom": 0,
                "justifyContent": "center",
                "left": 0,
                "opacity": 1,
                "position": "absolute",
                "right": 0,
                "top": 0,
              }
            }
          >
            <Text
              accessible={true}
              allowFontScaling={true}
              ellipsizeMode="tail"
            />
          </View>
        </View>
      </View>
      <View
        accessibilityComponentType={undefined}
        accessibilityLabel={undefined}
        accessibilityTraits={undefined}
        accessible={true}
        collapsable={undefined}
        hitSlop={undefined}
        nativeID={undefined}
        onLayout={undefined}
        onResponderGrant={[Function]}
        onResponderMove={[Function]}
        onResponderRelease={[Function]}
        onResponderTerminate={[Function]}
        onResponderTerminationRequest={[Function]}
        onStartShouldSetResponder={[Function]}
        style={
          Object {
            "alignItems": "stretch",
            "backgroundColor": "rgba(0, 0, 0, 0)",
            "flex": 1,
            "justifyContent": "flex-end",
          }
        }
        testID={undefined}
      >
        <View
          style={
            Object {
              "flexGrow": 1,
            }
          }
        >
          <View
            collapsable={undefined}
            style={
              Object {
                "alignItems": "center",
                "bottom": 0,
                "justifyContent": "center",
                "left": 0,
                "opacity": 0,
                "position": "absolute",
                "right": 0,
                "top": 0,
              }
            }
          >
            <Text
              accessible={true}
              allowFontScaling={true}
              ellipsizeMode="tail"
            />
          </View>
          <View
            collapsable={undefined}
            style={
              Object {
                "alignItems": "center",
                "bottom": 0,
                "justifyContent": "center",
                "left": 0,
                "opacity": 1,
                "position": "absolute",
                "right": 0,
                "top": 0,
              }
            }
          >
            <Text
              accessible={true}
              allowFontScaling={true}
              ellipsizeMode="tail"
            />
          </View>
        </View>
      </View>
      <View
        accessibilityComponentType={undefined}
        accessibilityLabel={undefined}
        accessibilityTraits={undefined}
        accessible={true}
        collapsable={undefined}
        hitSlop={undefined}
        nativeID={undefined}
        onLayout={undefined}
        onResponderGrant={[Function]}
        onResponderMove={[Function]}
        onResponderRelease={[Function]}
        onResponderTerminate={[Function]}
        onResponderTerminationRequest={[Function]}
        onStartShouldSetResponder={[Function]}
        style={
          Object {
            "alignItems": "stretch",
            "backgroundColor": "rgba(0, 0, 0, 0)",
            "flex": 1,
            "justifyContent": "flex-end",
          }
        }
        testID={undefined}
      >
        <View
          style={
            Object {
              "flexGrow": 1,
            }
          }
        >
          <View
            collapsable={undefined}
            style={
              Object {
                "alignItems": "center",
                "bottom": 0,
                "justifyContent": "center",
                "left": 0,
                "opacity": 0,
                "position": "absolute",
                "right": 0,
                "top": 0,
              }
            }
          >
            <Text
              accessible={true}
              allowFontScaling={true}
              ellipsizeMode="tail"
            />
          </View>
          <View
            collapsable={undefined}
            style={
              Object {
                "alignItems": "center",
                "bottom": 0,
                "justifyContent": "center",
                "left": 0,
                "opacity": 1,
                "position": "absolute",
                "right": 0,
                "top": 0,
              }
            }
          >
            <Text
              accessible={true}
              allowFontScaling={true}
              ellipsizeMode="tail"
            />
          </View>
        </View>
      </View>
    </View>
  </View>
</View>
`;
