// Jest Snapshot v1, https://goo.gl/fbAQLP

exports[`WelcomeScreen snapShot 1`] = `
<View
  style={
    Object {
      "height": "100%",
      "width": "100%",
    }
  }
>
  <Image
    source={
      Object {
        "uri": "http://cardefense2.eastus.cloudapp.azure.com:8002/media/b9_VpUTIV2.png",
      }
    }
    style={
      Array [
        Object {
          "bottom": 0,
          "left": 0,
          "position": "absolute",
          "right": 0,
          "top": 0,
        },
        Object {
          "height": "100%",
          "width": "100%",
        },
        undefined,
      ]
    }
  />
  <View
    style={
      Object {
        "margin": 16,
      }
    }
  >
    <View
      style={
        Object {
          "alignItems": "center",
          "margin": 30,
          "paddingRight": 4,
          "paddingTop": 4,
        }
      }
    >
      <Image
        source={
          Object {
            "uri": "http://cardefense2.eastus.cloudapp.azure.com:8002/media/icontest_T8bTMAG.png",
          }
        }
        style={
          Object {
            "height": 100,
            "width": 100,
          }
        }
      />
    </View>
    <View
      style={
        Object {
          "marginTop": 150,
        }
      }
    >
      <View
        onResponderRelease={[Function]}
        onStartShouldSetResponder={[Function]}
        pointerEvents="auto"
        style={undefined}
      >
        <View
          collapsable={undefined}
          style={
            Object {
              "backgroundColor": "transparent",
              "borderBottomColor": "rgba(0, 0, 0, 0.38)",
              "borderBottomWidth": 0.5,
              "height": 64,
              "paddingBottom": 8,
              "paddingTop": 32,
            }
          }
        >
          <View
            collapsable={undefined}
            style={
              Object {
                "position": "absolute",
                "top": 36,
              }
            }
          >
            <Text
              accessible={true}
              allowFontScaling={true}
              collapsable={undefined}
              ellipsizeMode="tail"
              numberOfLines={1}
              style={
                Object {
                  "color": "rgba(0, 0, 0, 0.38)",
                  "fontSize": 16,
                }
              }
            >
              Nome de usu√°rio
            </Text>
          </View>
          <View
            style={
              Object {
                "flexDirection": "row",
              }
            }
          >
            <TextInput
              allowFontScaling={true}
              autoCapitalize="sentences"
              autoCorrect={false}
              disableFullscreenUI={true}
              editable={true}
              enablesReturnKeyAutomatically={true}
              error={undefined}
              onBlur={[Function]}
              onChange={[Function]}
              onChangeText={[Function]}
              onContentSizeChange={[Function]}
              onFocus={[Function]}
              returnKeyType="next"
              selectionColor="white"
              style={
                Array [
                  Object {
                    "flex": 1,
                    "margin": 0,
                    "padding": 0,
                    "top": 2,
                  },
                  Object {
                    "color": "white",
                    "fontSize": 16,
                    "height": 24,
                    "textAlign": "left",
                  },
                  undefined,
                ]
              }
              underlineColorAndroid="transparent"
              value=""
            />
          </View>
        </View>
        <View
          collapsable={undefined}
          style={
            Object {
              "flexDirection": "row",
              "height": 8,
            }
          }
        >
          <View
            style={
              Object {
                "flex": 1,
              }
            }
          >
            <View
              style={
                Object {
                  "alignItems": "flex-start",
                  "bottom": 0,
                  "left": 0,
                  "paddingVertical": 4,
                  "position": "absolute",
                  "right": 0,
                  "top": 0,
                }
              }
            >
              <Text
                accessible={true}
                allowFontScaling={true}
                collapsable={undefined}
                ellipsizeMode="tail"
                numberOfLines={1}
                style={
                  Object {
                    "backgroundColor": "transparent",
                    "color": "rgb(213, 0, 0)",
                    "fontSize": 0,
                    "opacity": 0,
                  }
                }
              />
            </View>
            <View
              style={
                Object {
                  "alignItems": "flex-start",
                  "bottom": 0,
                  "left": 0,
                  "paddingVertical": 4,
                  "position": "absolute",
                  "right": 0,
                  "top": 0,
                }
              }
            >
              <Text
                accessible={true}
                allowFontScaling={true}
                collapsable={undefined}
                ellipsizeMode="tail"
                numberOfLines={1}
                style={
                  Object {
                    "backgroundColor": "transparent",
                    "color": "rgba(0, 0, 0, .38)",
                    "fontSize": 12,
                    "opacity": 1,
                  }
                }
              />
            </View>
          </View>
        </View>
      </View>
      <View
        onResponderRelease={[Function]}
        onStartShouldSetResponder={[Function]}
        pointerEvents="auto"
        style={undefined}
      >
        <View
          collapsable={undefined}
          style={
            Object {
              "backgroundColor": "transparent",
              "borderBottomColor": "rgba(0, 0, 0, 0.38)",
              "borderBottomWidth": 0.5,
              "height": 64,
              "paddingBottom": 8,
              "paddingTop": 32,
            }
          }
        >
          <View
            collapsable={undefined}
            style={
              Object {
                "position": "absolute",
                "top": 36,
              }
            }
          >
            <Text
              accessible={true}
              allowFontScaling={true}
              collapsable={undefined}
              ellipsizeMode="tail"
              numberOfLines={1}
              style={
                Object {
                  "color": "rgba(0, 0, 0, 0.38)",
                  "fontSize": 16,
                }
              }
            >
              Senha
            </Text>
          </View>
          <View
            style={
              Object {
                "flexDirection": "row",
              }
            }
          >
            <TextInput
              allowFontScaling={true}
              autoCapitalize="none"
              autoCorrect={false}
              disableFullscreenUI={true}
              editable={true}
              enablesReturnKeyAutomatically={true}
              error={undefined}
              maxLength={20}
              onBlur={[Function]}
              onChange={[Function]}
              onChangeText={[Function]}
              onContentSizeChange={[Function]}
              onFocus={[Function]}
              renderAccessory={[Function]}
              returnKeyType="done"
              secureTextEntry={true}
              selectionColor="white"
              style={
                Array [
                  Object {
                    "flex": 1,
                    "margin": 0,
                    "padding": 0,
                    "top": 2,
                  },
                  Object {
                    "color": "white",
                    "fontSize": 16,
                    "height": 24,
                    "textAlign": "left",
                  },
                  undefined,
                ]
              }
              underlineColorAndroid="transparent"
              value=""
            />
            <View
              style={
                Object {
                  "alignSelf": "flex-start",
                  "justifyContent": "center",
                  "top": 2,
                }
              }
            >
              <Text
                accessible={true}
                allowFontScaling={true}
                ellipsizeMode="tail"
              />
            </View>
          </View>
        </View>
        <View
          collapsable={undefined}
          style={
            Object {
              "flexDirection": "row",
              "height": 24,
            }
          }
        >
          <View
            style={
              Object {
                "flex": 1,
              }
            }
          >
            <View
              style={
                Object {
                  "alignItems": "flex-start",
                  "bottom": 0,
                  "left": 0,
                  "paddingVertical": 4,
                  "position": "absolute",
                  "right": 0,
                  "top": 0,
                }
              }
            >
              <Text
                accessible={true}
                allowFontScaling={true}
                collapsable={undefined}
                ellipsizeMode="tail"
                numberOfLines={1}
                style={
                  Object {
                    "backgroundColor": "transparent",
                    "color": "rgb(213, 0, 0)",
                    "fontSize": 0,
                    "opacity": 0,
                  }
                }
              />
            </View>
            <View
              style={
                Object {
                  "alignItems": "flex-start",
                  "bottom": 0,
                  "left": 0,
                  "paddingVertical": 4,
                  "position": "absolute",
                  "right": 0,
                  "top": 0,
                }
              }
            >
              <Text
                accessible={true}
                allowFontScaling={true}
                collapsable={undefined}
                ellipsizeMode="tail"
                numberOfLines={1}
                style={
                  Object {
                    "backgroundColor": "transparent",
                    "color": "rgba(0, 0, 0, .38)",
                    "fontSize": 12,
                    "opacity": 1,
                  }
                }
              />
            </View>
          </View>
          <View
            style={
              Object {
                "paddingLeft": 4,
                "paddingVertical": 4,
              }
            }
          >
            <Text
              accessible={true}
              allowFontScaling={true}
              ellipsizeMode="tail"
              style={
                Array [
                  Object {
                    "backgroundColor": "transparent",
                    "textAlign": "right",
                  },
                  undefined,
                  Object {
                    "color": "rgba(0, 0, 0, .38)",
                    "fontSize": 12,
                  },
                ]
              }
            >
              0
               / 
              15
            </Text>
          </View>
        </View>
      </View>
      <View
        style={
          Object {
            "alignItems": "center",
            "marginTop": 10,
          }
        }
      >
        <View
          accessibilityComponentType={undefined}
          accessibilityLabel={undefined}
          accessibilityTraits={undefined}
          accessible={true}
          collapsable={undefined}
          hasTVPreferredFocus={undefined}
          hitSlop={undefined}
          isTVSelectable={true}
          nativeID={undefined}
          onLayout={undefined}
          onResponderGrant={[Function]}
          onResponderMove={[Function]}
          onResponderRelease={[Function]}
          onResponderTerminate={[Function]}
          onResponderTerminationRequest={[Function]}
          onStartShouldSetResponder={[Function]}
          style={
            Object {
              "alignItems": "center",
              "backgroundColor": "#8bd4da",
              "borderRadius": 15,
              "height": 40,
              "justifyContent": "center",
              "opacity": 1,
              "width": 320,
            }
          }
          testID={undefined}
          tvParallaxProperties={undefined}
        >
          <Text
            accessible={true}
            allowFontScaling={true}
            ellipsizeMode="tail"
            style={
              Object {
                "color": "white",
                "fontSize": 15,
                "fontWeight": "300",
              }
            }
          >
            LOG IN
          </Text>
        </View>
        <RCTScrollView
          data={
            Array [
              "",
            ]
          }
          disableVirtualization={false}
          getItem={[Function]}
          getItemCount={[Function]}
          horizontal={false}
          initialNumToRender={10}
          invertStickyHeaders={undefined}
          keyExtractor={[Function]}
          maxToRenderPerBatch={10}
          numColumns={1}
          onContentSizeChange={[Function]}
          onEndReachedThreshold={2}
          onLayout={[Function]}
          onMomentumScrollEnd={[Function]}
          onScroll={[Function]}
          onScrollBeginDrag={[Function]}
          onScrollEndDrag={[Function]}
          renderItem={[Function]}
          scrollEventThrottle={50}
          stickyHeaderIndices={Array []}
          updateCellsBatchingPeriod={50}
          viewabilityConfigCallbackPairs={Array []}
          windowSize={21}
        >
          <View>
            <View
              onLayout={[Function]}
              style={null}
            >
              <Text
                accessible={true}
                allowFontScaling={true}
                ellipsizeMode="tail"
                style={
                  Object {
                    "color": "red",
                  }
                }
              >
                
              </Text>
            </View>
          </View>
        </RCTScrollView>
      </View>
      <View
        accessibilityComponentType={undefined}
        accessibilityLabel={undefined}
        accessibilityTraits={undefined}
        accessible={true}
        collapsable={undefined}
        hasTVPreferredFocus={undefined}
        hitSlop={undefined}
        isTVSelectable={true}
        nativeID={undefined}
        onLayout={undefined}
        onResponderGrant={[Function]}
        onResponderMove={[Function]}
        onResponderRelease={[Function]}
        onResponderTerminate={[Function]}
        onResponderTerminationRequest={[Function]}
        onStartShouldSetResponder={[Function]}
        style={
          Object {
            "alignItems": "center",
            "backgroundColor": "#3B5998",
            "borderRadius": 15,
            "height": 40,
            "justifyContent": "center",
            "opacity": 1,
            "width": 100,
          }
        }
        testID={undefined}
        tvParallaxProperties={undefined}
      >
        <Text
          accessible={true}
          allowFontScaling={true}
          ellipsizeMode="tail"
          style={
            Object {
              "color": "white",
              "fontWeight": "700",
            }
          }
        >
          Facebook
        </Text>
      </View>
      <View
        accessibilityComponentType={undefined}
        accessibilityLabel={undefined}
        accessibilityTraits={undefined}
        accessible={true}
        collapsable={undefined}
        hasTVPreferredFocus={undefined}
        hitSlop={undefined}
        isTVSelectable={true}
        nativeID={undefined}
        onLayout={undefined}
        onResponderGrant={[Function]}
        onResponderMove={[Function]}
        onResponderRelease={[Function]}
        onResponderTerminate={[Function]}
        onResponderTerminationRequest={[Function]}
        onStartShouldSetResponder={[Function]}
        style={
          Object {
            "alignItems": "center",
            "backgroundColor": "rgba(0, 0, 0, 0)",
            "borderRadius": 15,
            "height": 40,
            "opacity": 1,
            "width": 120,
          }
        }
        testID={undefined}
        tvParallaxProperties={undefined}
      >
        <Text
          accessible={true}
          allowFontScaling={true}
          ellipsizeMode="tail"
          style={
            Object {
              "color": "#8bd4da",
            }
          }
        >
          Criar conta
        </Text>
      </View>
    </View>
  </View>
</View>
`;
